C:/TouchGFXProjects/Stm32_Dino/source/Core/Src/main.c:1025:13:SPI5_Write	1
C:/TouchGFXProjects/Stm32_Dino/source/Core/Src/main.c:1137:6:StartDefaultTask	1
C:/TouchGFXProjects/Stm32_Dino/source/Core/Src/main.c:1156:6:start_hardware_polling_task	2
C:/TouchGFXProjects/Stm32_Dino/source/Core/Src/main.c:1193:6:start_uart_task	2
C:/TouchGFXProjects/Stm32_Dino/source/Core/Src/main.c:292:6:SystemClock_Config	1
C:/TouchGFXProjects/Stm32_Dino/source/Core/Src/main.c:184:5:main	1
C:/TouchGFXProjects/Stm32_Dino/source/Core/Src/main.c:869:6:IOE_Init	1
C:/TouchGFXProjects/Stm32_Dino/source/Core/Src/main.c:878:6:IOE_ITConfig	1
C:/TouchGFXProjects/Stm32_Dino/source/Core/Src/main.c:890:6:IOE_Write	1
C:/TouchGFXProjects/Stm32_Dino/source/Core/Src/main.c:901:9:IOE_Read	1
C:/TouchGFXProjects/Stm32_Dino/source/Core/Src/main.c:914:10:IOE_ReadMultiple	1
C:/TouchGFXProjects/Stm32_Dino/source/Core/Src/main.c:923:6:IOE_Delay	1
C:/TouchGFXProjects/Stm32_Dino/source/Core/Src/main.c:1051:6:LCD_IO_Init	1
C:/TouchGFXProjects/Stm32_Dino/source/Core/Src/main.c:1061:6:LCD_IO_WriteData	1
C:/TouchGFXProjects/Stm32_Dino/source/Core/Src/main.c:1077:6:LCD_IO_WriteReg	1
C:/TouchGFXProjects/Stm32_Dino/source/Core/Src/main.c:1096:10:LCD_IO_ReadData	1
C:/TouchGFXProjects/Stm32_Dino/source/Core/Src/main.c:1123:6:LCD_Delay	1
C:/TouchGFXProjects/Stm32_Dino/source/Core/Src/main.c:1219:6:HAL_TIM_PeriodElapsedCallback	2
C:/TouchGFXProjects/Stm32_Dino/source/Core/Src/main.c:1236:6:Error_Handler	1
