C:/TouchGFXProjects/Stm32_Dino/source/Core/Src/main.c:1017:13:SPI5_Write	16	static
C:/TouchGFXProjects/Stm32_Dino/source/Core/Src/main.c:1129:6:StartDefaultTask	8	static
C:/TouchGFXProjects/Stm32_Dino/source/Core/Src/main.c:1148:6:start_hardware_polling_task	32	static
C:/TouchGFXProjects/Stm32_Dino/source/Core/Src/main.c:284:6:SystemClock_Config	96	static
C:/TouchGFXProjects/Stm32_Dino/source/Core/Src/main.c:179:5:main	120	static
C:/TouchGFXProjects/Stm32_Dino/source/Core/Src/main.c:861:6:IOE_Init	0	static
C:/TouchGFXProjects/Stm32_Dino/source/Core/Src/main.c:870:6:IOE_ITConfig	0	static
C:/TouchGFXProjects/Stm32_Dino/source/Core/Src/main.c:882:6:IOE_Write	32	static
C:/TouchGFXProjects/Stm32_Dino/source/Core/Src/main.c:893:9:IOE_Read	32	static
C:/TouchGFXProjects/Stm32_Dino/source/Core/Src/main.c:906:10:IOE_ReadMultiple	24	static
C:/TouchGFXProjects/Stm32_Dino/source/Core/Src/main.c:915:6:IOE_Delay	0	static
C:/TouchGFXProjects/Stm32_Dino/source/Core/Src/main.c:1043:6:LCD_IO_Init	8	static
C:/TouchGFXProjects/Stm32_Dino/source/Core/Src/main.c:1053:6:LCD_IO_WriteData	16	static
C:/TouchGFXProjects/Stm32_Dino/source/Core/Src/main.c:1069:6:LCD_IO_WriteReg	16	static
C:/TouchGFXProjects/Stm32_Dino/source/Core/Src/main.c:1088:10:LCD_IO_ReadData	32	static
C:/TouchGFXProjects/Stm32_Dino/source/Core/Src/main.c:1115:6:LCD_Delay	0	static
C:/TouchGFXProjects/Stm32_Dino/source/Core/Src/main.c:1183:6:start_uart_task	32	static
C:/TouchGFXProjects/Stm32_Dino/source/Core/Src/main.c:1209:6:HAL_TIM_PeriodElapsedCallback	0	static
C:/TouchGFXProjects/Stm32_Dino/source/Core/Src/main.c:1226:6:Error_Handler	0	static
