C:/TouchGFXProjects/Stm32_Dino/source/Core/Src/main.c:1025:13:SPI5_Write	16	static
C:/TouchGFXProjects/Stm32_Dino/source/Core/Src/main.c:1137:6:StartDefaultTask	8	static
C:/TouchGFXProjects/Stm32_Dino/source/Core/Src/main.c:1156:6:start_hardware_polling_task	24	static
C:/TouchGFXProjects/Stm32_Dino/source/Core/Src/main.c:1193:6:start_uart_task	32	static
C:/TouchGFXProjects/Stm32_Dino/source/Core/Src/main.c:292:6:SystemClock_Config	96	static
C:/TouchGFXProjects/Stm32_Dino/source/Core/Src/main.c:184:5:main	120	static
C:/TouchGFXProjects/Stm32_Dino/source/Core/Src/main.c:869:6:IOE_Init	0	static
C:/TouchGFXProjects/Stm32_Dino/source/Core/Src/main.c:878:6:IOE_ITConfig	0	static
C:/TouchGFXProjects/Stm32_Dino/source/Core/Src/main.c:890:6:IOE_Write	32	static
C:/TouchGFXProjects/Stm32_Dino/source/Core/Src/main.c:901:9:IOE_Read	32	static
C:/TouchGFXProjects/Stm32_Dino/source/Core/Src/main.c:914:10:IOE_ReadMultiple	24	static
C:/TouchGFXProjects/Stm32_Dino/source/Core/Src/main.c:923:6:IOE_Delay	0	static
C:/TouchGFXProjects/Stm32_Dino/source/Core/Src/main.c:1051:6:LCD_IO_Init	8	static
C:/TouchGFXProjects/Stm32_Dino/source/Core/Src/main.c:1061:6:LCD_IO_WriteData	16	static
C:/TouchGFXProjects/Stm32_Dino/source/Core/Src/main.c:1077:6:LCD_IO_WriteReg	16	static
C:/TouchGFXProjects/Stm32_Dino/source/Core/Src/main.c:1096:10:LCD_IO_ReadData	32	static
C:/TouchGFXProjects/Stm32_Dino/source/Core/Src/main.c:1123:6:LCD_Delay	0	static
C:/TouchGFXProjects/Stm32_Dino/source/Core/Src/main.c:1219:6:HAL_TIM_PeriodElapsedCallback	0	static
C:/TouchGFXProjects/Stm32_Dino/source/Core/Src/main.c:1236:6:Error_Handler	0	static
