C:/TouchGFXProjects/Stm32_Dino/source/Core/Src/main.c:1017:13:SPI5_Write	1
C:/TouchGFXProjects/Stm32_Dino/source/Core/Src/main.c:1129:6:StartDefaultTask	1
C:/TouchGFXProjects/Stm32_Dino/source/Core/Src/main.c:1148:6:start_hardware_polling_task	2
C:/TouchGFXProjects/Stm32_Dino/source/Core/Src/main.c:1183:6:start_uart_task	2
C:/TouchGFXProjects/Stm32_Dino/source/Core/Src/main.c:284:6:SystemClock_Config	1
C:/TouchGFXProjects/Stm32_Dino/source/Core/Src/main.c:179:5:main	1
C:/TouchGFXProjects/Stm32_Dino/source/Core/Src/main.c:861:6:IOE_Init	1
C:/TouchGFXProjects/Stm32_Dino/source/Core/Src/main.c:870:6:IOE_ITConfig	1
C:/TouchGFXProjects/Stm32_Dino/source/Core/Src/main.c:882:6:IOE_Write	1
C:/TouchGFXProjects/Stm32_Dino/source/Core/Src/main.c:893:9:IOE_Read	1
C:/TouchGFXProjects/Stm32_Dino/source/Core/Src/main.c:906:10:IOE_ReadMultiple	1
C:/TouchGFXProjects/Stm32_Dino/source/Core/Src/main.c:915:6:IOE_Delay	1
C:/TouchGFXProjects/Stm32_Dino/source/Core/Src/main.c:1043:6:LCD_IO_Init	1
C:/TouchGFXProjects/Stm32_Dino/source/Core/Src/main.c:1053:6:LCD_IO_WriteData	1
C:/TouchGFXProjects/Stm32_Dino/source/Core/Src/main.c:1069:6:LCD_IO_WriteReg	1
C:/TouchGFXProjects/Stm32_Dino/source/Core/Src/main.c:1088:10:LCD_IO_ReadData	1
C:/TouchGFXProjects/Stm32_Dino/source/Core/Src/main.c:1115:6:LCD_Delay	1
C:/TouchGFXProjects/Stm32_Dino/source/Core/Src/main.c:1209:6:HAL_TIM_PeriodElapsedCallback	2
C:/TouchGFXProjects/Stm32_Dino/source/Core/Src/main.c:1226:6:Error_Handler	1
