../../Middlewares/ST/touchgfx/framework/include/touchgfx/Screen.hpp:104:18:virtual void touchgfx::Screen::afterTransition()	0	static
../../Middlewares/ST/touchgfx/framework/include/touchgfx/Screen.hpp:154:18:virtual void touchgfx::Screen::handleKeyEvent(uint8_t)	0	static
C:/TouchGFXProjects/Stm32_Dino/source/TouchGFX/gui/src/screen2_screen/Screen2View.cpp:66:10:virtual uint32_t Screen2View::randint()	8	static
C:/TouchGFXProjects/Stm32_Dino/source/TouchGFX/gui/src/screen2_screen/Screen2View.cpp:195:6:virtual bool Screen2View::checkCollision()	20	static
C:/TouchGFXProjects/Stm32_Dino/source/TouchGFX/gui/src/screen2_screen/Screen2View.cpp:233:6:virtual void Screen2View::tearDownScreen()	0	static
C:/TouchGFXProjects/Stm32_Dino/source/TouchGFX/gui/src/screen2_screen/Screen2View.cpp:238:17:uint32_t GetSector(uint32_t)	8	static
C:/TouchGFXProjects/Stm32_Dino/source/TouchGFX/gui/src/screen2_screen/Screen2View.cpp:139:6:virtual void Screen2View::handleJoystickEvent(uint32_t)	32	static
../../TouchGFX/gui/include/gui/screen2_screen/Screen2View.hpp:11:13:Screen2View::~Screen2View()	8	static
../../TouchGFX/gui/include/gui/screen2_screen/Screen2View.hpp:11:13:virtual Screen2View::~Screen2View()	8	static
../../Middlewares/ST/touchgfx/framework/include/touchgfx/Drawable.hpp:343:10:void touchgfx::Drawable::setXY(int16_t, int16_t)	16	static
C:/TouchGFXProjects/Stm32_Dino/source/TouchGFX/gui/src/screen2_screen/Screen2View.cpp:10:1:Screen2View::Screen2View()	8	static
C:/TouchGFXProjects/Stm32_Dino/source/TouchGFX/gui/src/screen2_screen/Screen2View.cpp:341:10:uint32_t Flash_Write_Data(uint32_t, uint32_t*, uint16_t)	32	static
C:/TouchGFXProjects/Stm32_Dino/source/TouchGFX/gui/src/screen2_screen/Screen2View.cpp:411:6:virtual void Screen2View::writeHighestScore(int)	24	static
C:/TouchGFXProjects/Stm32_Dino/source/TouchGFX/gui/src/screen2_screen/Screen2View.cpp:399:6:void Flash_Read_Data(uint32_t, uint32_t*, uint16_t)	8	static
C:/TouchGFXProjects/Stm32_Dino/source/TouchGFX/gui/src/screen2_screen/Screen2View.cpp:417:5:virtual int Screen2View::readHighestScore()	16	static
C:/TouchGFXProjects/Stm32_Dino/source/TouchGFX/gui/src/screen2_screen/Screen2View.cpp:79:6:virtual void Screen2View::handleTickEvent()	16	static
C:/TouchGFXProjects/Stm32_Dino/source/TouchGFX/gui/src/screen2_screen/Screen2View.cpp:180:6:virtual void Screen2View::checkScore()	16	static
C:/TouchGFXProjects/Stm32_Dino/source/TouchGFX/gui/src/screen2_screen/Screen2View.cpp:33:6:virtual void Screen2View::setupScreen()	24	static
C:/TouchGFXProjects/Stm32_Dino/source/TouchGFX/gui/src/screen2_screen/Screen2View.cpp:160:6:virtual void Screen2View::dinoJump()	24	static
